2023-09-25 14:06:04.505 INFO Starting Script, 1.0
2023-09-25 14:06:04.510 INFO Collect samAccountName and Mail from Old Active Directory (AD)
2023-09-25 14:06:04.513 INFO collecting file Extension on 
2023-09-25 14:06:04.515 INFO  doesn't exist
2023-09-25 14:06:04.518 INFO GetOldADUserObjects Completed Successfully.
2023-09-25 14:06:04.520 INFO  
2023-09-25 14:06:04.524 INFO Collect Azure user objects, based on samAccountName and mail from Old Active Directory (AD)
2023-09-25 14:06:04.687 ERROR System.InvalidOperationException: Cannot append CSV content to the following file: C:\PS\Scripts\AD\CollectUPNFromAliasEmail.log. The appended object does not have a property that corresponds to the following column: 2023-09-25 14:06:04.505 INFO Starting Script. To continue with mismatched properties, add the -Force parameter, and then retry the command.
   at System.Management.Automation.MshCommandRuntime.ThrowTerminatingError(ErrorRecord errorRecord)
2023-09-25 14:07:12.035 INFO Starting Script, 1.0
2023-09-25 14:07:12.038 INFO Collect samAccountName and Mail from Old Active Directory (AD)
2023-09-25 14:07:12.041 INFO collecting file Extension on provided file
2023-09-25 14:07:12.043 INFO File doesn't exist
2023-09-25 14:07:12.046 INFO GetOldADUserObjects Completed Successfully.
2023-09-25 14:07:12.049 INFO  
2023-09-25 14:07:12.052 INFO Collect Azure user objects, based on samAccountName and mail from Old Active Directory (AD)
2023-09-25 14:07:12.149 ERROR System.InvalidOperationException: Cannot append CSV content to the following file: C:\PS\Scripts\AD\CollectUPNFromAliasEmail.log. The appended object does not have a property that corresponds to the following column: 2023-09-25 14:06:04.505 INFO Starting Script. To continue with mismatched properties, add the -Force parameter, and then retry the command.
   at System.Management.Automation.MshCommandRuntime.ThrowTerminatingError(ErrorRecord errorRecord)
2023-09-25 14:08:58.891 INFO Starting Script, 1.0
2023-09-25 14:08:58.893 INFO Collect samAccountName and Mail from Old Active Directory (AD)
2023-09-25 14:08:58.896 INFO collecting file Extension on provided file
2023-09-25 14:08:58.899 INFO File is a CSV
2023-09-25 14:08:58.903 INFO file imported
2023-09-25 14:08:58.905 INFO GetOldADUserObjects Completed Successfully.
2023-09-25 14:08:58.908 INFO  
2023-09-25 14:08:58.911 INFO Collect Azure user objects, based on samAccountName and mail from Old Active Directory (AD)
2023-09-25 14:08:59.072 ERROR System.InvalidOperationException: Cannot append CSV content to the following file: C:\PS\Scripts\AD\CollectUPNFromAliasEmail.log. The appended object does not have a property that corresponds to the following column: 2023-09-25 14:06:04.505 INFO Starting Script. To continue with mismatched properties, add the -Force parameter, and then retry the command.
   at System.Management.Automation.MshCommandRuntime.ThrowTerminatingError(ErrorRecord errorRecord)
2023-09-25 14:10:24.309 INFO Starting Script, 1.0
2023-09-25 14:10:24.312 INFO Collect samAccountName and Mail from Old Active Directory (AD)
2023-09-25 14:10:24.315 INFO collecting file Extension on provided file
2023-09-25 14:10:24.318 INFO File is a CSV
2023-09-25 14:10:24.322 INFO file imported
2023-09-25 14:10:24.325 INFO GetOldADUserObjects Completed Successfully.
2023-09-25 14:10:24.328 INFO  
2023-09-25 14:10:24.333 INFO Collect Azure user objects, based on samAccountName and mail from Old Active Directory (AD)
2023-09-25 14:10:24.562 ERROR System.IO.DirectoryNotFoundException: Could not find a part of the path 'C:\PS\Scripts\AD\'.
   at System.IO.__Error.WinIOError(Int32 errorCode, String maybeFullPath)
   at System.IO.FileStream.Init(String path, FileMode mode, FileAccess access, Int32 rights, Boolean useRights, FileShare share, Int32 bufferSize, FileOptions options, SECURITY_ATTRIBUTES secAttrs, String msgPath, Boolean bFromProxy, Boolean useLongPath, Boolean checkHost)
   at System.IO.FileStream..ctor(String path, FileMode mode, FileAccess access, FileShare share)
   at System.Management.Automation.PathUtils.MasterStreamOpen(PSCmdlet cmdlet, String filePath, Encoding resolvedEncoding, Boolean defaultEncoding, Boolean Append, Boolean Force, Boolean NoClobber, FileStream& fileStream, StreamWriter& streamWriter, FileInfo& readOnlyFileInfo, Boolean isLiteralPath)
2023-09-25 14:12:52.161 INFO Starting Script, 1.0
2023-09-25 14:12:52.164 INFO Collect samAccountName and Mail from Old Active Directory (AD)
2023-09-25 14:12:52.167 INFO collecting file Extension on provided file
2023-09-25 14:12:52.170 INFO File is a CSV
2023-09-25 14:12:52.174 INFO file imported
2023-09-25 14:12:52.180 INFO GetOldADUserObjects Completed Successfully.
2023-09-25 14:12:52.183 INFO  
2023-09-25 14:12:52.186 INFO Collect Azure user objects, based on samAccountName and mail from Old Active Directory (AD)
2023-09-25 14:12:52.450 ERROR System.IO.DirectoryNotFoundException: Could not find a part of the path 'C:\PS\Scripts\AD\'.
   at System.IO.__Error.WinIOError(Int32 errorCode, String maybeFullPath)
   at System.IO.FileStream.Init(String path, FileMode mode, FileAccess access, Int32 rights, Boolean useRights, FileShare share, Int32 bufferSize, FileOptions options, SECURITY_ATTRIBUTES secAttrs, String msgPath, Boolean bFromProxy, Boolean useLongPath, Boolean checkHost)
   at System.IO.FileStream..ctor(String path, FileMode mode, FileAccess access, FileShare share)
   at System.Management.Automation.PathUtils.MasterStreamOpen(PSCmdlet cmdlet, String filePath, Encoding resolvedEncoding, Boolean defaultEncoding, Boolean Append, Boolean Force, Boolean NoClobber, FileStream& fileStream, StreamWriter& streamWriter, FileInfo& readOnlyFileInfo, Boolean isLiteralPath)
2023-09-25 14:13:52.095 INFO Starting Script, 1.0
2023-09-25 14:13:52.098 INFO Collect samAccountName and Mail from Old Active Directory (AD)
2023-09-25 14:13:52.103 INFO collecting file Extension on provided file
2023-09-25 14:13:52.107 INFO File is a CSV
2023-09-25 14:13:52.111 INFO file imported
2023-09-25 14:13:52.115 INFO GetOldADUserObjects Completed Successfully.
2023-09-25 14:13:52.118 INFO  
2023-09-25 14:13:52.122 INFO Collect Azure user objects, based on samAccountName and mail from Old Active Directory (AD)
2023-09-25 14:14:02.975 INFO GetAzureUserObject Completed Successfully.
2023-09-25 14:14:02.983 INFO  
2023-09-25 14:14:02.987 INFO End of Script
