2023-08-30 09:47:56.544 INFO Starting Script, 1.0
2023-08-30 09:47:56.548 INFO End of Script
2023-08-30 09:48:49.076 INFO Starting Script, 1.0
2023-08-30 09:48:49.081 INFO CollectList of users, and call disable function pr user account id
2023-08-30 09:48:49.086 INFO <description of what is going on>...
2023-08-30 09:48:49.280 INFO {"error": "Failed to parse Connect Session Auth Token"} Url https://almbrand.atlassian.net/users/62f646f850bd9783f62df00b/manage/lifecycle/disable : System.Net.WebException: The remote server returned an error: (403) Forbidden.
   at Microsoft.PowerShell.Commands.WebRequestPSCmdlet.GetResponse(WebRequest request)
   at Microsoft.PowerShell.Commands.WebRequestPSCmdlet.ProcessRecord()
2023-08-30 09:48:49.284 INFO Completed Successfully.
2023-08-30 09:48:49.287 INFO  
2023-08-30 09:48:49.290 INFO Completed Successfully.
2023-08-30 09:48:49.293 INFO  
2023-08-30 09:48:49.297 INFO End of Script
2023-08-30 10:01:04.655 INFO Starting Script, 1.0
2023-08-30 10:01:04.658 INFO CollectList of users, and call disable function pr user account id
2023-08-30 10:01:04.662 INFO <description of what is going on>...
2023-08-30 10:01:04.893 INFO {"error": "Failed to parse Connect Session Auth Token"} Url https://almbrand.atlassian.net/users/62f6464f96eb272011aaf452/manage/lifecycle/disable : System.Net.WebException: The remote server returned an error: (403) Forbidden.
   at Microsoft.PowerShell.Commands.WebRequestPSCmdlet.GetResponse(WebRequest request)
   at Microsoft.PowerShell.Commands.WebRequestPSCmdlet.ProcessRecord()
2023-08-30 10:01:04.897 INFO Completed Successfully.
2023-08-30 10:01:04.901 INFO  
2023-08-30 10:01:04.904 INFO Completed Successfully.
2023-08-30 10:01:04.909 INFO  
2023-08-30 10:01:04.913 INFO End of Script
2023-08-30 10:04:21.199 INFO Starting Script, 1.0
2023-08-30 10:04:21.203 INFO CollectList of users, and call disable function pr user account id
2023-08-30 10:04:21.208 INFO <description of what is going on>...
2023-08-30 10:04:21.394 INFO {"error": "Failed to parse Connect Session Auth Token"} Url https://almbrand.atlassian.net/rest/api/3/users/62f6464f96eb272011aaf452/manage/lifecycle/disable : System.Net.WebException: The remote server returned an error: (403) Forbidden.
   at Microsoft.PowerShell.Commands.WebRequestPSCmdlet.GetResponse(WebRequest request)
   at Microsoft.PowerShell.Commands.WebRequestPSCmdlet.ProcessRecord()
2023-08-30 10:04:21.398 INFO Completed Successfully.
2023-08-30 10:04:21.401 INFO  
2023-08-30 10:04:21.404 INFO Completed Successfully.
2023-08-30 10:04:21.407 INFO  
2023-08-30 10:04:21.410 INFO End of Script
2023-08-30 10:12:54.347 INFO Starting Script, 1.0
2023-08-30 10:12:54.350 INFO CollectList of users, and call disable function pr user account id
2023-08-30 10:12:54.354 INFO <description of what is going on>...
2023-08-30 10:12:54.560 INFO {"error": "Failed to parse Connect Session Auth Token"} Url https://almbrand.atlassian.net/rest/api/3/users/62f6464f96eb272011aaf452/manage/lifecycle/disable : System.Net.WebException: The remote server returned an error: (403) Forbidden.
   at Microsoft.PowerShell.Commands.WebRequestPSCmdlet.GetResponse(WebRequest request)
   at Microsoft.PowerShell.Commands.WebRequestPSCmdlet.ProcessRecord()
2023-08-30 10:12:54.589 INFO Completed Successfully.
2023-08-30 10:12:54.594 INFO  
2023-08-30 10:12:54.602 INFO Completed Successfully.
2023-08-30 10:12:54.607 INFO  
2023-08-30 10:12:54.624 INFO End of Script
2023-08-30 11:32:37.015 INFO Starting Script, 1.0
2023-08-30 11:32:37.020 INFO CollectList of users, and call disable function pr user account id
2023-08-30 11:32:37.026 INFO start DisableUsers
2023-08-30 11:32:39.351 INFO DisableUsers Completed Successfully.
2023-08-30 11:32:39.354 INFO  
2023-08-30 11:32:39.357 INFO Completed Successfully.
2023-08-30 11:32:39.363 INFO  
2023-08-30 11:32:39.366 INFO End of Script
2023-08-30 11:33:24.276 INFO Starting Script, 1.0
2023-08-30 11:33:24.279 INFO CollectList of users, and call disable function pr user account id
2023-08-30 11:33:24.286 INFO start DisableUsers
2023-08-30 11:33:25.300 INFO {"key":"forbidden.action","context":{"allowed":false,"reason":{"key":"externalDirectory.scim"}},"errorKey":"forbidden.action","errorDetail":{"allowed":false,"reason":{"key":"externalDirectory.scim"}}} Url https://api.atlassian.com/users/617a86d8bcb5740068a14d15/manage/lifecycle/disable : System.Net.WebException: The remote server returned an error: (403) Forbidden.
   at Microsoft.PowerShell.Commands.WebRequestPSCmdlet.GetResponse(WebRequest request)
   at Microsoft.PowerShell.Commands.WebRequestPSCmdlet.ProcessRecord()
2023-08-30 11:33:25.304 INFO DisableUsers Completed Successfully.
2023-08-30 11:33:25.307 INFO  
2023-08-30 11:33:25.311 INFO start DisableUsers
2023-08-30 11:33:27.420 INFO DisableUsers Completed Successfully.
2023-08-30 11:33:27.424 INFO  
2023-08-30 11:33:27.428 INFO start DisableUsers
2023-08-30 11:33:29.475 INFO DisableUsers Completed Successfully.
2023-08-30 11:33:29.478 INFO  
2023-08-30 11:33:29.483 INFO start DisableUsers
2023-08-30 11:33:31.644 INFO DisableUsers Completed Successfully.
2023-08-30 11:33:31.647 INFO  
2023-08-30 11:33:31.650 INFO start DisableUsers
2023-08-30 11:33:33.868 INFO DisableUsers Completed Successfully.
2023-08-30 11:33:33.871 INFO  
2023-08-30 11:33:33.874 INFO start DisableUsers
2023-08-30 11:33:35.780 INFO DisableUsers Completed Successfully.
2023-08-30 11:33:35.783 INFO  
2023-08-30 11:33:35.786 INFO start DisableUsers
2023-08-30 11:33:37.752 INFO DisableUsers Completed Successfully.
2023-08-30 11:33:37.755 INFO  
2023-08-30 11:33:37.758 INFO start DisableUsers
2023-08-30 11:33:39.710 INFO DisableUsers Completed Successfully.
2023-08-30 11:33:39.713 INFO  
2023-08-30 11:33:39.717 INFO start DisableUsers
2023-08-30 11:33:41.753 INFO DisableUsers Completed Successfully.
2023-08-30 11:33:41.757 INFO  
2023-08-30 11:33:41.762 INFO start DisableUsers
2023-08-30 11:33:43.887 INFO DisableUsers Completed Successfully.
2023-08-30 11:33:43.892 INFO  
2023-08-30 11:33:43.896 INFO start DisableUsers
2023-08-30 11:33:45.877 INFO DisableUsers Completed Successfully.
2023-08-30 11:33:45.880 INFO  
2023-08-30 11:33:45.884 INFO start DisableUsers
2023-08-30 11:33:48.053 INFO DisableUsers Completed Successfully.
2023-08-30 11:33:48.058 INFO  
2023-08-30 11:33:48.062 INFO start DisableUsers
2023-08-30 11:33:50.687 INFO DisableUsers Completed Successfully.
2023-08-30 11:33:50.691 INFO  
2023-08-30 11:33:50.695 INFO start DisableUsers
2023-08-30 11:33:52.237 INFO DisableUsers Completed Successfully.
2023-08-30 11:33:52.240 INFO  
2023-08-30 11:33:52.244 INFO start DisableUsers
2023-08-30 11:33:54.239 INFO DisableUsers Completed Successfully.
2023-08-30 11:33:54.242 INFO  
2023-08-30 11:33:54.245 INFO start DisableUsers
2023-08-30 11:33:56.340 INFO DisableUsers Completed Successfully.
2023-08-30 11:33:56.344 INFO  
2023-08-30 11:33:56.347 INFO start DisableUsers
2023-08-30 11:33:58.453 INFO DisableUsers Completed Successfully.
2023-08-30 11:33:58.457 INFO  
2023-08-30 11:33:58.460 INFO start DisableUsers
2023-08-30 11:34:00.490 INFO DisableUsers Completed Successfully.
2023-08-30 11:34:00.493 INFO  
2023-08-30 11:34:00.496 INFO start DisableUsers
2023-08-30 11:34:02.463 INFO DisableUsers Completed Successfully.
2023-08-30 11:34:02.466 INFO  
2023-08-30 11:34:02.469 INFO start DisableUsers
2023-08-30 11:34:04.540 INFO DisableUsers Completed Successfully.
2023-08-30 11:34:04.544 INFO  
2023-08-30 11:34:04.549 INFO start DisableUsers
2023-08-30 11:34:06.414 INFO DisableUsers Completed Successfully.
2023-08-30 11:34:06.417 INFO  
2023-08-30 11:34:06.425 INFO start DisableUsers
2023-08-30 11:34:08.002 INFO DisableUsers Completed Successfully.
2023-08-30 11:34:08.005 INFO  
2023-08-30 11:34:08.008 INFO start DisableUsers
2023-08-30 11:34:10.048 INFO DisableUsers Completed Successfully.
2023-08-30 11:34:10.052 INFO  
2023-08-30 11:34:10.055 INFO start DisableUsers
2023-08-30 11:34:12.196 INFO DisableUsers Completed Successfully.
2023-08-30 11:34:12.199 INFO  
2023-08-30 11:34:12.202 INFO start DisableUsers
2023-08-30 11:34:14.092 INFO DisableUsers Completed Successfully.
2023-08-30 11:34:14.095 INFO  
2023-08-30 11:34:14.100 INFO start DisableUsers
2023-08-30 11:34:16.261 INFO DisableUsers Completed Successfully.
2023-08-30 11:34:16.264 INFO  
2023-08-30 11:34:16.267 INFO start DisableUsers
2023-08-30 11:34:18.353 INFO DisableUsers Completed Successfully.
2023-08-30 11:34:18.357 INFO  
2023-08-30 11:34:18.361 INFO start DisableUsers
2023-08-30 11:34:19.925 INFO DisableUsers Completed Successfully.
2023-08-30 11:34:19.928 INFO  
2023-08-30 11:34:19.932 INFO start DisableUsers
2023-08-30 11:34:21.908 INFO DisableUsers Completed Successfully.
2023-08-30 11:34:21.911 INFO  
2023-08-30 11:34:21.914 INFO start DisableUsers
2023-08-30 11:34:24.019 INFO DisableUsers Completed Successfully.
2023-08-30 11:34:24.024 INFO  
2023-08-30 11:34:24.027 INFO start DisableUsers
2023-08-30 11:34:26.113 INFO DisableUsers Completed Successfully.
2023-08-30 11:34:26.116 INFO  
2023-08-30 11:34:26.119 INFO start DisableUsers
2023-08-30 11:34:28.687 INFO DisableUsers Completed Successfully.
2023-08-30 11:34:28.696 INFO  
2023-08-30 11:34:28.699 INFO start DisableUsers
2023-08-30 11:34:30.256 INFO DisableUsers Completed Successfully.
2023-08-30 11:34:30.260 INFO  
2023-08-30 11:34:30.264 INFO start DisableUsers
2023-08-30 11:34:31.779 INFO DisableUsers Completed Successfully.
2023-08-30 11:34:31.784 INFO  
2023-08-30 11:34:31.788 INFO start DisableUsers
2023-08-30 11:34:33.785 INFO DisableUsers Completed Successfully.
2023-08-30 11:34:33.788 INFO  
2023-08-30 11:34:33.792 INFO start DisableUsers
2023-08-30 11:34:36.398 INFO DisableUsers Completed Successfully.
2023-08-30 11:34:36.402 INFO  
2023-08-30 11:34:36.407 INFO start DisableUsers
2023-08-30 11:34:38.438 INFO DisableUsers Completed Successfully.
2023-08-30 11:34:38.441 INFO  
2023-08-30 11:34:38.446 INFO start DisableUsers
2023-08-30 11:34:40.576 INFO DisableUsers Completed Successfully.
2023-08-30 11:34:40.580 INFO  
2023-08-30 11:34:40.585 INFO start DisableUsers
2023-08-30 11:34:42.760 INFO DisableUsers Completed Successfully.
2023-08-30 11:34:42.763 INFO  
2023-08-30 11:34:42.766 INFO start DisableUsers
2023-08-30 11:34:44.706 INFO DisableUsers Completed Successfully.
2023-08-30 11:34:44.710 INFO  
2023-08-30 11:34:44.714 INFO start DisableUsers
2023-08-30 11:34:44.986 INFO {"key":"forbidden","context":"Error: Caller must be a verified org admin of targeted account or be the targeted account","errorKey":"forbidden","errorDetail":"Error: Caller must be a verified org admin of targeted account or be the targeted account"} Url https://api.atlassian.com/users/712020:34de983a-97cc-46dc-bb43-ac513617e903/manage/lifecycle/disable : System.Net.WebException: The remote server returned an error: (403) Forbidden.
   at Microsoft.PowerShell.Commands.WebRequestPSCmdlet.GetResponse(WebRequest request)
   at Microsoft.PowerShell.Commands.WebRequestPSCmdlet.ProcessRecord()
2023-08-30 11:34:44.990 INFO DisableUsers Completed Successfully.
2023-08-30 11:34:44.993 INFO  
2023-08-30 11:34:44.996 INFO start DisableUsers
2023-08-30 11:34:46.600 INFO DisableUsers Completed Successfully.
2023-08-30 11:34:46.604 INFO  
2023-08-30 11:34:46.607 INFO start DisableUsers
2023-08-30 11:34:48.554 INFO DisableUsers Completed Successfully.
2023-08-30 11:34:48.557 INFO  
2023-08-30 11:34:48.561 INFO start DisableUsers
2023-08-30 11:34:50.465 INFO DisableUsers Completed Successfully.
2023-08-30 11:34:50.495 INFO  
2023-08-30 11:34:50.509 INFO start DisableUsers
2023-08-30 11:34:52.474 INFO DisableUsers Completed Successfully.
2023-08-30 11:34:52.477 INFO  
2023-08-30 11:34:52.481 INFO start DisableUsers
2023-08-30 11:34:55.063 INFO DisableUsers Completed Successfully.
2023-08-30 11:34:55.067 INFO  
2023-08-30 11:34:55.084 INFO start DisableUsers
2023-08-30 11:34:57.109 INFO DisableUsers Completed Successfully.
2023-08-30 11:34:57.112 INFO  
2023-08-30 11:34:57.116 INFO start DisableUsers
2023-08-30 11:34:59.627 INFO DisableUsers Completed Successfully.
2023-08-30 11:34:59.630 INFO  
2023-08-30 11:34:59.639 INFO start DisableUsers
2023-08-30 11:35:01.882 INFO DisableUsers Completed Successfully.
2023-08-30 11:35:01.885 INFO  
2023-08-30 11:35:01.892 INFO start DisableUsers
2023-08-30 11:35:04.023 INFO DisableUsers Completed Successfully.
2023-08-30 11:35:04.026 INFO  
2023-08-30 11:35:04.033 INFO start DisableUsers
2023-08-30 11:35:06.037 INFO DisableUsers Completed Successfully.
2023-08-30 11:35:06.040 INFO  
2023-08-30 11:35:06.045 INFO start DisableUsers
2023-08-30 11:35:08.006 INFO DisableUsers Completed Successfully.
2023-08-30 11:35:08.012 INFO  
2023-08-30 11:35:08.024 INFO start DisableUsers
2023-08-30 11:35:09.621 INFO DisableUsers Completed Successfully.
2023-08-30 11:35:09.625 INFO  
2023-08-30 11:35:09.628 INFO start DisableUsers
2023-08-30 11:35:11.602 INFO DisableUsers Completed Successfully.
2023-08-30 11:35:11.606 INFO  
2023-08-30 11:35:11.616 INFO start DisableUsers
2023-08-30 11:35:13.606 INFO DisableUsers Completed Successfully.
2023-08-30 11:35:13.609 INFO  
2023-08-30 11:35:13.614 INFO start DisableUsers
2023-08-30 11:35:15.901 INFO DisableUsers Completed Successfully.
2023-08-30 11:35:15.905 INFO  
2023-08-30 11:35:15.909 INFO start DisableUsers
2023-08-30 11:35:17.970 INFO DisableUsers Completed Successfully.
2023-08-30 11:35:17.973 INFO  
2023-08-30 11:35:17.976 INFO start DisableUsers
2023-08-30 11:35:19.989 INFO DisableUsers Completed Successfully.
2023-08-30 11:35:19.993 INFO  
2023-08-30 11:35:19.999 INFO start DisableUsers
2023-08-30 11:35:22.508 INFO DisableUsers Completed Successfully.
2023-08-30 11:35:22.515 INFO  
2023-08-30 11:35:22.531 INFO start DisableUsers
2023-08-30 11:35:25.101 INFO DisableUsers Completed Successfully.
2023-08-30 11:35:25.105 INFO  
2023-08-30 11:35:25.111 INFO start DisableUsers
2023-08-30 11:35:27.676 INFO DisableUsers Completed Successfully.
2023-08-30 11:35:27.689 INFO  
2023-08-30 11:35:27.695 INFO start DisableUsers
2023-08-30 11:35:29.665 INFO DisableUsers Completed Successfully.
2023-08-30 11:35:29.669 INFO  
2023-08-30 11:35:29.673 INFO start DisableUsers
2023-08-30 11:35:31.300 INFO DisableUsers Completed Successfully.
2023-08-30 11:35:31.304 INFO  
2023-08-30 11:35:31.309 INFO start DisableUsers
2023-08-30 11:35:33.552 INFO DisableUsers Completed Successfully.
2023-08-30 11:35:33.560 INFO  
2023-08-30 11:35:33.581 INFO start DisableUsers
2023-08-30 11:35:36.063 INFO DisableUsers Completed Successfully.
2023-08-30 11:35:36.066 INFO  
2023-08-30 11:35:36.071 INFO start DisableUsers
2023-08-30 11:35:38.042 INFO DisableUsers Completed Successfully.
2023-08-30 11:35:38.049 INFO  
2023-08-30 11:35:38.058 INFO start DisableUsers
2023-08-30 11:35:40.078 INFO DisableUsers Completed Successfully.
2023-08-30 11:35:40.081 INFO  
2023-08-30 11:35:40.087 INFO start DisableUsers
2023-08-30 11:35:41.685 INFO DisableUsers Completed Successfully.
2023-08-30 11:35:41.688 INFO  
2023-08-30 11:35:41.692 INFO start DisableUsers
2023-08-30 11:35:44.138 INFO DisableUsers Completed Successfully.
2023-08-30 11:35:44.141 INFO  
2023-08-30 11:35:44.145 INFO start DisableUsers
2023-08-30 11:35:45.678 INFO DisableUsers Completed Successfully.
2023-08-30 11:35:45.683 INFO  
2023-08-30 11:35:45.688 INFO start DisableUsers
2023-08-30 11:35:47.676 INFO DisableUsers Completed Successfully.
2023-08-30 11:35:47.679 INFO  
2023-08-30 11:35:47.683 INFO start DisableUsers
2023-08-30 11:35:49.558 INFO DisableUsers Completed Successfully.
2023-08-30 11:35:49.568 INFO  
2023-08-30 11:35:49.576 INFO start DisableUsers
2023-08-30 11:35:50.544 INFO {"key":"forbidden.action","context":{"allowed":false,"reason":{"key":"externalDirectory.scim"}},"errorKey":"forbidden.action","errorDetail":{"allowed":false,"reason":{"key":"externalDirectory.scim"}}} Url https://api.atlassian.com/users/613f2f6354762c00692255b8/manage/lifecycle/disable : System.Net.WebException: The remote server returned an error: (403) Forbidden.
   at Microsoft.PowerShell.Commands.WebRequestPSCmdlet.GetResponse(WebRequest request)
   at Microsoft.PowerShell.Commands.WebRequestPSCmdlet.ProcessRecord()
2023-08-30 11:35:50.624 INFO DisableUsers Completed Successfully.
2023-08-30 11:35:50.635 INFO  
2023-08-30 11:35:50.639 INFO start DisableUsers
2023-08-30 11:35:53.230 INFO DisableUsers Completed Successfully.
2023-08-30 11:35:53.236 INFO  
2023-08-30 11:35:53.244 INFO start DisableUsers
2023-08-30 11:35:55.808 INFO DisableUsers Completed Successfully.
2023-08-30 11:35:55.813 INFO  
2023-08-30 11:35:55.823 INFO start DisableUsers
2023-08-30 11:35:57.761 INFO DisableUsers Completed Successfully.
2023-08-30 11:35:57.765 INFO  
2023-08-30 11:35:57.769 INFO start DisableUsers
2023-08-30 11:35:59.738 INFO DisableUsers Completed Successfully.
2023-08-30 11:35:59.743 INFO  
2023-08-30 11:35:59.755 INFO start DisableUsers
2023-08-30 11:36:01.928 INFO DisableUsers Completed Successfully.
2023-08-30 11:36:01.932 INFO  
2023-08-30 11:36:01.935 INFO start DisableUsers
2023-08-30 11:36:03.593 INFO DisableUsers Completed Successfully.
2023-08-30 11:36:03.596 INFO  
2023-08-30 11:36:03.601 INFO start DisableUsers
2023-08-30 11:36:05.896 INFO DisableUsers Completed Successfully.
2023-08-30 11:36:05.901 INFO  
2023-08-30 11:36:05.905 INFO start DisableUsers
2023-08-30 11:36:08.271 INFO DisableUsers Completed Successfully.
2023-08-30 11:36:08.274 INFO  
2023-08-30 11:36:08.278 INFO start DisableUsers
2023-08-30 11:36:10.532 INFO DisableUsers Completed Successfully.
2023-08-30 11:36:10.545 INFO  
2023-08-30 11:36:10.599 INFO start DisableUsers
2023-08-30 11:36:12.763 INFO DisableUsers Completed Successfully.
2023-08-30 11:36:12.766 INFO  
2023-08-30 11:36:12.772 INFO start DisableUsers
2023-08-30 11:36:15.454 INFO DisableUsers Completed Successfully.
2023-08-30 11:36:15.458 INFO  
2023-08-30 11:36:15.464 INFO start DisableUsers
2023-08-30 11:36:17.431 INFO DisableUsers Completed Successfully.
2023-08-30 11:36:17.435 INFO  
2023-08-30 11:36:17.439 INFO start DisableUsers
2023-08-30 11:36:19.683 INFO DisableUsers Completed Successfully.
2023-08-30 11:36:19.686 INFO  
2023-08-30 11:36:19.691 INFO start DisableUsers
2023-08-30 11:36:21.322 INFO DisableUsers Completed Successfully.
2023-08-30 11:36:21.327 INFO  
2023-08-30 11:36:21.332 INFO start DisableUsers
2023-08-30 11:36:22.799 INFO DisableUsers Completed Successfully.
2023-08-30 11:36:22.802 INFO  
2023-08-30 11:36:22.806 INFO start DisableUsers
2023-08-30 11:36:23.075 INFO {"key":"forbidden","context":"Error: Caller must be a verified org admin of targeted account or be the targeted account","errorKey":"forbidden","errorDetail":"Error: Caller must be a verified org admin of targeted account or be the targeted account"} Url https://api.atlassian.com/users/62872b700dae780068095743/manage/lifecycle/disable : System.Net.WebException: The remote server returned an error: (403) Forbidden.
   at Microsoft.PowerShell.Commands.WebRequestPSCmdlet.GetResponse(WebRequest request)
   at Microsoft.PowerShell.Commands.WebRequestPSCmdlet.ProcessRecord()
2023-08-30 11:36:23.083 INFO DisableUsers Completed Successfully.
2023-08-30 11:36:23.092 INFO  
2023-08-30 11:36:23.096 INFO start DisableUsers
2023-08-30 11:36:25.232 INFO DisableUsers Completed Successfully.
2023-08-30 11:36:25.235 INFO  
2023-08-30 11:36:25.243 INFO start DisableUsers
2023-08-30 11:36:27.799 INFO DisableUsers Completed Successfully.
2023-08-30 11:36:27.803 INFO  
2023-08-30 11:36:27.806 INFO start DisableUsers
2023-08-30 11:36:30.517 INFO DisableUsers Completed Successfully.
2023-08-30 11:36:30.520 INFO  
2023-08-30 11:36:30.526 INFO start DisableUsers
2023-08-30 11:36:32.395 INFO DisableUsers Completed Successfully.
2023-08-30 11:36:32.398 INFO  
2023-08-30 11:36:32.403 INFO start DisableUsers
2023-08-30 11:36:32.671 INFO {"key":"forbidden","context":"Error: Caller must be a verified org admin of targeted account or be the targeted account","errorKey":"forbidden","errorDetail":"Error: Caller must be a verified org admin of targeted account or be the targeted account"} Url https://api.atlassian.com/users/62711dc476b8d30068728ddd/manage/lifecycle/disable : System.Net.WebException: The remote server returned an error: (403) Forbidden.
   at Microsoft.PowerShell.Commands.WebRequestPSCmdlet.GetResponse(WebRequest request)
   at Microsoft.PowerShell.Commands.WebRequestPSCmdlet.ProcessRecord()
2023-08-30 11:36:32.677 INFO DisableUsers Completed Successfully.
2023-08-30 11:36:32.686 INFO start DisableUsers
2023-08-30 11:36:34.274 INFO DisableUsers Completed Successfully.
2023-08-30 11:36:34.277 INFO  
2023-08-30 11:36:34.284 INFO start DisableUsers
2023-08-30 11:36:35.799 INFO DisableUsers Completed Successfully.
2023-08-30 11:36:35.804 INFO  
2023-08-30 11:36:35.810 INFO start DisableUsers
2023-08-30 11:36:37.929 INFO DisableUsers Completed Successfully.
2023-08-30 11:36:37.933 INFO  
2023-08-30 11:36:37.937 INFO start DisableUsers
2023-08-30 11:36:38.238 INFO {"key":"forbidden","context":"Error: Caller must be a verified org admin of targeted account or be the targeted account","errorKey":"forbidden","errorDetail":"Error: Caller must be a verified org admin of targeted account or be the targeted account"} Url https://api.atlassian.com/users/62872b71f0302e0068bf6848/manage/lifecycle/disable : System.Net.WebException: The remote server returned an error: (403) Forbidden.
   at Microsoft.PowerShell.Commands.WebRequestPSCmdlet.GetResponse(WebRequest request)
   at Microsoft.PowerShell.Commands.WebRequestPSCmdlet.ProcessRecord()
2023-08-30 11:36:38.243 INFO DisableUsers Completed Successfully.
2023-08-30 11:36:38.247 INFO  
2023-08-30 11:36:38.255 INFO start DisableUsers
2023-08-30 11:36:40.512 INFO DisableUsers Completed Successfully.
2023-08-30 11:36:40.517 INFO  
2023-08-30 11:36:40.525 INFO start DisableUsers
2023-08-30 11:36:43.004 INFO DisableUsers Completed Successfully.
2023-08-30 11:36:43.008 INFO  
2023-08-30 11:36:43.012 INFO start DisableUsers
2023-08-30 11:36:43.995 INFO {"key":"forbidden.action","context":{"allowed":false,"reason":{"key":"externalDirectory.scim"}},"errorKey":"forbidden.action","errorDetail":{"allowed":false,"reason":{"key":"externalDirectory.scim"}}} Url https://api.atlassian.com/users/618689a5bcb57400682ca976/manage/lifecycle/disable : System.Net.WebException: The remote server returned an error: (403) Forbidden.
   at Microsoft.PowerShell.Commands.WebRequestPSCmdlet.GetResponse(WebRequest request)
   at Microsoft.PowerShell.Commands.WebRequestPSCmdlet.ProcessRecord()
2023-08-30 11:36:44.000 INFO DisableUsers Completed Successfully.
2023-08-30 11:36:44.004 INFO  
2023-08-30 11:36:44.008 INFO start DisableUsers
2023-08-30 11:36:45.084 INFO {"key":"forbidden.action","context":{"allowed":false,"reason":{"key":"externalDirectory.scim"}},"errorKey":"forbidden.action","errorDetail":{"allowed":false,"reason":{"key":"externalDirectory.scim"}}} Url https://api.atlassian.com/users/618689a5bcb57400682ca977/manage/lifecycle/disable : System.Net.WebException: The remote server returned an error: (403) Forbidden.
   at Microsoft.PowerShell.Commands.WebRequestPSCmdlet.GetResponse(WebRequest request)
   at Microsoft.PowerShell.Commands.WebRequestPSCmdlet.ProcessRecord()
2023-08-30 11:36:45.091 INFO  
2023-08-30 11:36:45.096 INFO start DisableUsers
2023-08-30 11:36:46.212 INFO {"key":"forbidden.action","context":{"allowed":false,"reason":{"key":"externalDirectory.scim"}},"errorKey":"forbidden.action","errorDetail":{"allowed":false,"reason":{"key":"externalDirectory.scim"}}} Url https://api.atlassian.com/users/613f2ef432c0cb006a771bbc/manage/lifecycle/disable : System.Net.WebException: The remote server returned an error: (403) Forbidden.
   at Microsoft.PowerShell.Commands.WebRequestPSCmdlet.GetResponse(WebRequest request)
   at Microsoft.PowerShell.Commands.WebRequestPSCmdlet.ProcessRecord()
2023-08-30 11:36:46.247 INFO DisableUsers Completed Successfully.
2023-08-30 11:36:46.278 INFO  
2023-08-30 11:36:46.305 INFO start DisableUsers
2023-08-30 11:36:48.306 INFO DisableUsers Completed Successfully.
2023-08-30 11:36:48.309 INFO  
2023-08-30 11:36:48.317 INFO start DisableUsers
2023-08-30 11:36:50.429 INFO DisableUsers Completed Successfully.
2023-08-30 11:36:50.434 INFO  
2023-08-30 11:36:50.442 INFO start DisableUsers
2023-08-30 11:36:52.665 INFO DisableUsers Completed Successfully.
2023-08-30 11:36:52.669 INFO  
2023-08-30 11:36:52.673 INFO start DisableUsers
2023-08-30 11:36:54.436 INFO DisableUsers Completed Successfully.
2023-08-30 11:36:54.445 INFO  
2023-08-30 11:36:54.450 INFO start DisableUsers
2023-08-30 11:36:56.198 INFO DisableUsers Completed Successfully.
2023-08-30 11:36:56.202 INFO  
2023-08-30 11:36:56.206 INFO start DisableUsers
2023-08-30 11:36:58.343 INFO DisableUsers Completed Successfully.
2023-08-30 11:36:58.346 INFO  
2023-08-30 11:36:58.353 INFO start DisableUsers
2023-08-30 11:37:00.372 INFO DisableUsers Completed Successfully.
2023-08-30 11:37:00.377 INFO  
2023-08-30 11:37:00.385 INFO start DisableUsers
2023-08-30 11:37:02.402 INFO DisableUsers Completed Successfully.
2023-08-30 11:37:02.407 INFO  
2023-08-30 11:37:02.410 INFO start DisableUsers
2023-08-30 11:37:04.070 INFO DisableUsers Completed Successfully.
2023-08-30 11:37:04.074 INFO  
2023-08-30 11:37:04.078 INFO start DisableUsers
2023-08-30 11:37:05.726 INFO DisableUsers Completed Successfully.
2023-08-30 11:37:05.731 INFO  
2023-08-30 11:37:05.735 INFO start DisableUsers
2023-08-30 11:37:07.885 INFO DisableUsers Completed Successfully.
2023-08-30 11:37:07.892 INFO  
2023-08-30 11:37:07.908 INFO start DisableUsers
2023-08-30 11:37:09.483 INFO DisableUsers Completed Successfully.
2023-08-30 11:37:09.487 INFO  
2023-08-30 11:37:09.493 INFO start DisableUsers
2023-08-30 11:37:10.931 INFO DisableUsers Completed Successfully.
2023-08-30 11:37:10.935 INFO  
2023-08-30 11:37:10.939 INFO start DisableUsers
2023-08-30 11:37:12.981 INFO DisableUsers Completed Successfully.
2023-08-30 11:37:12.985 INFO  
2023-08-30 11:37:12.990 INFO start DisableUsers
2023-08-30 11:37:14.528 INFO DisableUsers Completed Successfully.
2023-08-30 11:37:14.534 INFO  
2023-08-30 11:37:14.542 INFO start DisableUsers
2023-08-30 11:37:16.451 INFO DisableUsers Completed Successfully.
2023-08-30 11:37:16.455 INFO  
2023-08-30 11:37:16.459 INFO start DisableUsers
2023-08-30 11:37:17.966 INFO DisableUsers Completed Successfully.
2023-08-30 11:37:17.969 INFO  
2023-08-30 11:37:17.995 INFO start DisableUsers
2023-08-30 11:37:19.656 INFO DisableUsers Completed Successfully.
2023-08-30 11:37:19.660 INFO  
2023-08-30 11:37:19.667 INFO start DisableUsers
2023-08-30 11:37:21.795 INFO DisableUsers Completed Successfully.
2023-08-30 11:37:21.798 INFO  
2023-08-30 11:37:21.805 INFO start DisableUsers
2023-08-30 11:37:23.800 INFO DisableUsers Completed Successfully.
2023-08-30 11:37:23.804 INFO  
2023-08-30 11:37:23.810 INFO start DisableUsers
2023-08-30 11:37:25.812 INFO DisableUsers Completed Successfully.
2023-08-30 11:37:25.815 INFO  
2023-08-30 11:37:25.824 INFO start DisableUsers
2023-08-30 11:37:27.442 INFO DisableUsers Completed Successfully.
2023-08-30 11:37:27.446 INFO  
2023-08-30 11:37:27.450 INFO start DisableUsers
2023-08-30 11:37:29.146 INFO DisableUsers Completed Successfully.
2023-08-30 11:37:29.150 INFO  
2023-08-30 11:37:29.158 INFO start DisableUsers
2023-08-30 11:37:30.124 INFO {"key":"forbidden.action","context":{"allowed":false,"reason":{"key":"externalDirectory.scim"}},"errorKey":"forbidden.action","errorDetail":{"allowed":false,"reason":{"key":"externalDirectory.scim"}}} Url https://api.atlassian.com/users/5c90f418fbf7532d14b505e0/manage/lifecycle/disable : System.Net.WebException: The remote server returned an error: (403) Forbidden.
   at Microsoft.PowerShell.Commands.WebRequestPSCmdlet.GetResponse(WebRequest request)
   at Microsoft.PowerShell.Commands.WebRequestPSCmdlet.ProcessRecord()
2023-08-30 11:37:30.128 INFO DisableUsers Completed Successfully.
2023-08-30 11:37:30.137 INFO  
2023-08-30 11:37:30.144 INFO start DisableUsers
2023-08-30 11:37:31.764 INFO DisableUsers Completed Successfully.
2023-08-30 11:37:31.768 INFO  
2023-08-30 11:37:31.774 INFO start DisableUsers
2023-08-30 11:37:33.310 INFO DisableUsers Completed Successfully.
2023-08-30 11:37:33.313 INFO  
2023-08-30 11:37:33.318 INFO start DisableUsers
2023-08-30 11:37:34.830 INFO DisableUsers Completed Successfully.
2023-08-30 11:37:34.839 INFO  
2023-08-30 11:37:34.849 INFO start DisableUsers
2023-08-30 11:37:36.874 INFO DisableUsers Completed Successfully.
2023-08-30 11:37:36.877 INFO  
2023-08-30 11:37:36.891 INFO start DisableUsers
2023-08-30 11:37:38.454 INFO DisableUsers Completed Successfully.
2023-08-30 11:37:38.457 INFO  
2023-08-30 11:37:38.464 INFO start DisableUsers
2023-08-30 11:37:39.417 INFO {"key":"forbidden.action","context":{"allowed":false,"reason":{"key":"externalDirectory.scim"}},"errorKey":"forbidden.action","errorDetail":{"allowed":false,"reason":{"key":"externalDirectory.scim"}}} Url https://api.atlassian.com/users/613f2f62805a97006a944919/manage/lifecycle/disable : System.Net.WebException: The remote server returned an error: (403) Forbidden.
   at Microsoft.PowerShell.Commands.WebRequestPSCmdlet.GetResponse(WebRequest request)
   at Microsoft.PowerShell.Commands.WebRequestPSCmdlet.ProcessRecord()
2023-08-30 11:37:39.427 INFO DisableUsers Completed Successfully.
2023-08-30 11:37:39.434 INFO  
2023-08-30 11:37:39.440 INFO start DisableUsers
2023-08-30 11:37:41.757 INFO DisableUsers Completed Successfully.
2023-08-30 11:37:41.764 INFO  
2023-08-30 11:37:41.771 INFO start DisableUsers
2023-08-30 11:37:43.534 INFO DisableUsers Completed Successfully.
2023-08-30 11:37:43.538 INFO  
2023-08-30 11:37:43.542 INFO start DisableUsers
2023-08-30 11:37:45.574 INFO DisableUsers Completed Successfully.
2023-08-30 11:37:45.577 INFO  
2023-08-30 11:37:45.581 INFO start DisableUsers
2023-08-30 11:37:47.699 INFO DisableUsers Completed Successfully.
2023-08-30 11:37:47.703 INFO  
2023-08-30 11:37:47.708 INFO start DisableUsers
2023-08-30 11:37:49.680 INFO DisableUsers Completed Successfully.
2023-08-30 11:37:49.683 INFO  
2023-08-30 11:37:49.688 INFO start DisableUsers
2023-08-30 11:37:51.651 INFO DisableUsers Completed Successfully.
2023-08-30 11:37:51.654 INFO  
2023-08-30 11:37:51.658 INFO start DisableUsers
2023-08-30 11:37:53.591 INFO DisableUsers Completed Successfully.
2023-08-30 11:37:53.595 INFO  
2023-08-30 11:37:53.603 INFO start DisableUsers
2023-08-30 11:37:55.253 INFO DisableUsers Completed Successfully.
2023-08-30 11:37:55.256 INFO  
2023-08-30 11:37:55.260 INFO start DisableUsers
2023-08-30 11:37:56.819 INFO DisableUsers Completed Successfully.
2023-08-30 11:37:56.824 INFO  
2023-08-30 11:37:56.829 INFO start DisableUsers
2023-08-30 11:37:58.796 INFO DisableUsers Completed Successfully.
2023-08-30 11:37:58.799 INFO  
2023-08-30 11:37:58.808 INFO start DisableUsers
2023-08-30 11:37:59.774 INFO {"key":"forbidden.action","context":{"allowed":false,"reason":{"key":"externalDirectory.scim"}},"errorKey":"forbidden.action","errorDetail":{"allowed":false,"reason":{"key":"externalDirectory.scim"}}} Url https://api.atlassian.com/users/6230532f3fbb8800683fe2ae/manage/lifecycle/disable : System.Net.WebException: The remote server returned an error: (403) Forbidden.
   at Microsoft.PowerShell.Commands.WebRequestPSCmdlet.GetResponse(WebRequest request)
   at Microsoft.PowerShell.Commands.WebRequestPSCmdlet.ProcessRecord()
2023-08-30 11:37:59.793 INFO DisableUsers Completed Successfully.
2023-08-30 11:38:06.059 INFO DisableUsers Completed Successfully.
2023-08-30 11:38:06.069 INFO  
2023-08-30 11:38:06.101 INFO start DisableUsers
2023-08-30 11:38:07.750 INFO DisableUsers Completed Successfully.
2023-08-30 11:38:07.754 INFO  
2023-08-30 11:38:07.757 INFO start DisableUsers
2023-08-30 11:38:09.810 INFO DisableUsers Completed Successfully.
2023-08-30 11:38:09.814 INFO  
2023-08-30 11:38:09.817 INFO start DisableUsers
2023-08-30 11:38:11.820 INFO DisableUsers Completed Successfully.
2023-08-30 11:38:11.824 INFO  
2023-08-30 11:38:11.830 INFO start DisableUsers
2023-08-30 11:38:14.205 INFO DisableUsers Completed Successfully.
2023-08-30 11:38:14.208 INFO  
2023-08-30 11:38:14.213 INFO start DisableUsers
2023-08-30 11:38:15.992 INFO DisableUsers Completed Successfully.
2023-08-30 11:38:15.996 INFO  
2023-08-30 11:38:15.999 INFO start DisableUsers
2023-08-30 11:38:18.538 INFO DisableUsers Completed Successfully.
2023-08-30 11:38:18.541 INFO  
2023-08-30 11:38:18.546 INFO start DisableUsers
2023-08-30 11:38:20.775 INFO DisableUsers Completed Successfully.
2023-08-30 11:38:20.778 INFO  
2023-08-30 11:38:20.782 INFO start DisableUsers
2023-08-30 11:38:23.065 INFO DisableUsers Completed Successfully.
2023-08-30 11:38:23.072 INFO  
2023-08-30 11:38:23.078 INFO start DisableUsers
2023-08-30 11:38:25.137 INFO DisableUsers Completed Successfully.
2023-08-30 11:38:25.141 INFO  
2023-08-30 11:38:25.146 INFO start DisableUsers
2023-08-30 11:38:27.174 INFO DisableUsers Completed Successfully.
2023-08-30 11:38:27.180 INFO  
2023-08-30 11:38:27.184 INFO start DisableUsers
2023-08-30 11:38:29.237 INFO DisableUsers Completed Successfully.
2023-08-30 11:38:29.241 INFO  
2023-08-30 11:38:29.245 INFO start DisableUsers
2023-08-30 11:38:31.234 INFO DisableUsers Completed Successfully.
2023-08-30 11:38:31.237 INFO  
2023-08-30 11:38:31.241 INFO start DisableUsers
2023-08-30 11:38:33.374 INFO DisableUsers Completed Successfully.
2023-08-30 11:38:33.378 INFO  
2023-08-30 11:38:33.382 INFO start DisableUsers
2023-08-30 11:38:35.431 INFO DisableUsers Completed Successfully.
2023-08-30 11:38:35.435 INFO  
2023-08-30 11:38:35.441 INFO start DisableUsers
2023-08-30 11:38:37.975 INFO DisableUsers Completed Successfully.
2023-08-30 11:38:37.979 INFO  
2023-08-30 11:38:37.982 INFO start DisableUsers
2023-08-30 11:38:38.255 INFO {"key":"forbidden","context":"Error: Caller must be a verified org admin of targeted account or be the targeted account","errorKey":"forbidden","errorDetail":"Error: Caller must be a verified org admin of targeted account or be the targeted account"} Url https://api.atlassian.com/users/62711dc43d0b580069468a5c/manage/lifecycle/disable : System.Net.WebException: The remote server returned an error: (403) Forbidden.
   at Microsoft.PowerShell.Commands.WebRequestPSCmdlet.GetResponse(WebRequest request)
   at Microsoft.PowerShell.Commands.WebRequestPSCmdlet.ProcessRecord()
2023-08-30 11:38:38.259 INFO DisableUsers Completed Successfully.
2023-08-30 11:38:38.264 INFO  
2023-08-30 11:38:38.268 INFO start DisableUsers
2023-08-30 11:38:40.459 INFO DisableUsers Completed Successfully.
2023-08-30 11:38:40.462 INFO  
2023-08-30 11:38:40.466 INFO start DisableUsers
2023-08-30 11:38:42.499 INFO DisableUsers Completed Successfully.
2023-08-30 11:38:42.504 INFO  
2023-08-30 11:38:42.508 INFO start DisableUsers
2023-08-30 11:38:44.389 INFO DisableUsers Completed Successfully.
2023-08-30 11:38:44.393 INFO  
2023-08-30 11:38:44.397 INFO start DisableUsers
2023-08-30 11:38:46.363 INFO DisableUsers Completed Successfully.
2023-08-30 11:38:46.367 INFO  
2023-08-30 11:38:46.371 INFO start DisableUsers
2023-08-30 11:38:48.057 INFO DisableUsers Completed Successfully.
2023-08-30 11:38:48.060 INFO  
2023-08-30 11:38:48.064 INFO start DisableUsers
2023-08-30 11:38:49.071 INFO {"key":"forbidden.action","context":{"allowed":false,"reason":{"key":"externalDirectory.scim"}},"errorKey":"forbidden.action","errorDetail":{"allowed":false,"reason":{"key":"externalDirectory.scim"}}} Url https://api.atlassian.com/users/61815e0626a540007109e318/manage/lifecycle/disable : System.Net.WebException: The remote server returned an error: (403) Forbidden.
   at Microsoft.PowerShell.Commands.WebRequestPSCmdlet.GetResponse(WebRequest request)
   at Microsoft.PowerShell.Commands.WebRequestPSCmdlet.ProcessRecord()
2023-08-30 11:38:49.075 INFO DisableUsers Completed Successfully.
2023-08-30 11:38:49.079 INFO  
2023-08-30 11:38:49.085 INFO start DisableUsers
2023-08-30 11:38:51.280 INFO DisableUsers Completed Successfully.
2023-08-30 11:38:51.284 INFO  
2023-08-30 11:38:51.293 INFO start DisableUsers
2023-08-30 11:38:53.284 INFO DisableUsers Completed Successfully.
2023-08-30 11:38:53.288 INFO  
2023-08-30 11:38:53.293 INFO start DisableUsers
2023-08-30 11:38:55.425 INFO DisableUsers Completed Successfully.
2023-08-30 11:38:55.429 INFO  
2023-08-30 11:38:55.433 INFO start DisableUsers
2023-08-30 11:38:56.921 INFO DisableUsers Completed Successfully.
2023-08-30 11:38:56.925 INFO  
2023-08-30 11:38:56.929 INFO start DisableUsers
2023-08-30 11:38:59.160 INFO DisableUsers Completed Successfully.
2023-08-30 11:38:59.163 INFO  
2023-08-30 11:38:59.168 INFO start DisableUsers
2023-08-30 11:39:01.130 INFO DisableUsers Completed Successfully.
2023-08-30 11:39:01.134 INFO  
2023-08-30 11:39:01.141 INFO start DisableUsers
2023-08-30 11:39:03.288 INFO DisableUsers Completed Successfully.
2023-08-30 11:39:03.291 INFO  
2023-08-30 11:39:03.295 INFO start DisableUsers
2023-08-30 11:39:04.848 INFO DisableUsers Completed Successfully.
2023-08-30 11:39:04.851 INFO  
2023-08-30 11:39:04.856 INFO start DisableUsers
2023-08-30 11:39:07.058 INFO DisableUsers Completed Successfully.
2023-08-30 11:39:07.061 INFO  
2023-08-30 11:39:07.066 INFO start DisableUsers
2023-08-30 11:39:09.275 INFO DisableUsers Completed Successfully.
2023-08-30 11:39:09.278 INFO  
2023-08-30 11:39:09.281 INFO start DisableUsers
2023-08-30 11:39:10.265 INFO {"key":"forbidden.action","context":{"allowed":false,"reason":{"key":"externalDirectory.scim"}},"errorKey":"forbidden.action","errorDetail":{"allowed":false,"reason":{"key":"externalDirectory.scim"}}} Url https://api.atlassian.com/users/6409eaec0e0ddcdce1904b64/manage/lifecycle/disable : System.Net.WebException: The remote server returned an error: (403) Forbidden.
   at Microsoft.PowerShell.Commands.WebRequestPSCmdlet.GetResponse(WebRequest request)
   at Microsoft.PowerShell.Commands.WebRequestPSCmdlet.ProcessRecord()
2023-08-30 11:39:10.269 INFO DisableUsers Completed Successfully.
2023-08-30 11:39:10.274 INFO  
2023-08-30 11:39:10.278 INFO start DisableUsers
2023-08-30 11:39:11.331 INFO {"key":"forbidden.action","context":{"allowed":false,"reason":{"key":"externalDirectory.scim"}},"errorKey":"forbidden.action","errorDetail":{"allowed":false,"reason":{"key":"externalDirectory.scim"}}} Url https://api.atlassian.com/users/63e6569282eeee78a4d3a4cb/manage/lifecycle/disable : System.Net.WebException: The remote server returned an error: (403) Forbidden.
   at Microsoft.PowerShell.Commands.WebRequestPSCmdlet.GetResponse(WebRequest request)
   at Microsoft.PowerShell.Commands.WebRequestPSCmdlet.ProcessRecord()
2023-08-30 11:39:11.336 INFO DisableUsers Completed Successfully.
2023-08-30 11:39:11.344 INFO  
2023-08-30 11:39:11.349 INFO start DisableUsers
2023-08-30 11:39:12.446 INFO {"key":"forbidden.action","context":{"allowed":false,"reason":{"key":"externalDirectory.scim"}},"errorKey":"forbidden.action","errorDetail":{"allowed":false,"reason":{"key":"externalDirectory.scim"}}} Url https://api.atlassian.com/users/6274f65e66ad530069d56916/manage/lifecycle/disable : System.Net.WebException: The remote server returned an error: (403) Forbidden.
   at Microsoft.PowerShell.Commands.WebRequestPSCmdlet.GetResponse(WebRequest request)
   at Microsoft.PowerShell.Commands.WebRequestPSCmdlet.ProcessRecord()
2023-08-30 11:39:12.450 INFO DisableUsers Completed Successfully.
2023-08-30 11:39:12.454 INFO  
2023-08-30 11:39:12.462 INFO start DisableUsers
2023-08-30 11:39:14.126 INFO DisableUsers Completed Successfully.
2023-08-30 11:39:14.130 INFO  
2023-08-30 11:39:14.133 INFO start DisableUsers
2023-08-30 11:39:16.031 INFO DisableUsers Completed Successfully.
2023-08-30 11:39:16.034 INFO  
2023-08-30 11:39:16.039 INFO start DisableUsers
2023-08-30 11:39:17.592 INFO DisableUsers Completed Successfully.
2023-08-30 11:39:17.595 INFO  
2023-08-30 11:39:17.599 INFO start DisableUsers
2023-08-30 11:39:19.082 INFO DisableUsers Completed Successfully.
2023-08-30 11:39:19.085 INFO  
2023-08-30 11:39:19.090 INFO start DisableUsers
2023-08-30 11:39:21.315 INFO DisableUsers Completed Successfully.
2023-08-30 11:39:21.319 INFO  
2023-08-30 11:39:21.325 INFO start DisableUsers
2023-08-30 11:39:24.036 INFO DisableUsers Completed Successfully.
2023-08-30 11:39:24.039 INFO  
2023-08-30 11:39:24.043 INFO start DisableUsers
2023-08-30 11:39:26.107 INFO DisableUsers Completed Successfully.
2023-08-30 11:39:26.110 INFO  
2023-08-30 11:39:26.114 INFO start DisableUsers
2023-08-30 11:39:28.150 INFO DisableUsers Completed Successfully.
2023-08-30 11:39:28.154 INFO  
2023-08-30 11:39:28.159 INFO start DisableUsers
2023-08-30 11:39:30.680 INFO DisableUsers Completed Successfully.
2023-08-30 11:39:30.683 INFO  
2023-08-30 11:39:30.687 INFO start DisableUsers
2023-08-30 11:39:32.880 INFO DisableUsers Completed Successfully.
2023-08-30 11:39:32.884 INFO  
2023-08-30 11:39:32.888 INFO start DisableUsers
2023-08-30 11:39:34.992 INFO DisableUsers Completed Successfully.
2023-08-30 11:39:34.995 INFO  
2023-08-30 11:39:34.998 INFO start DisableUsers
2023-08-30 11:39:36.010 INFO {"key":"forbidden.action","context":{"allowed":false,"reason":{"key":"externalDirectory.scim"}},"errorKey":"forbidden.action","errorDetail":{"allowed":false,"reason":{"key":"externalDirectory.scim"}}} Url https://api.atlassian.com/users/61634d3f7a6be4007145ae53/manage/lifecycle/disable : System.Net.WebException: The remote server returned an error: (403) Forbidden.
   at Microsoft.PowerShell.Commands.WebRequestPSCmdlet.GetResponse(WebRequest request)
   at Microsoft.PowerShell.Commands.WebRequestPSCmdlet.ProcessRecord()
2023-08-30 11:39:36.016 INFO DisableUsers Completed Successfully.
2023-08-30 11:39:36.020 INFO  
2023-08-30 11:39:36.024 INFO start DisableUsers
2023-08-30 11:39:38.311 INFO DisableUsers Completed Successfully.
2023-08-30 11:39:38.317 INFO start DisableUsers
2023-08-30 11:39:40.410 INFO DisableUsers Completed Successfully.
2023-08-30 11:39:40.413 INFO  
2023-08-30 11:39:40.417 INFO start DisableUsers
2023-08-30 11:39:42.497 INFO DisableUsers Completed Successfully.
2023-08-30 11:39:42.501 INFO  
2023-08-30 11:39:42.504 INFO start DisableUsers
2023-08-30 11:39:44.492 INFO DisableUsers Completed Successfully.
2023-08-30 11:39:44.495 INFO  
2023-08-30 11:39:44.499 INFO start DisableUsers
2023-08-30 11:39:46.848 INFO DisableUsers Completed Successfully.
2023-08-30 11:39:46.851 INFO  
2023-08-30 11:39:46.856 INFO start DisableUsers
2023-08-30 11:39:48.810 INFO DisableUsers Completed Successfully.
2023-08-30 11:39:48.813 INFO  
2023-08-30 11:39:48.817 INFO start DisableUsers
2023-08-30 11:39:50.945 INFO DisableUsers Completed Successfully.
2023-08-30 11:39:50.949 INFO  
2023-08-30 11:39:50.953 INFO start DisableUsers
2023-08-30 11:39:52.595 INFO DisableUsers Completed Successfully.
2023-08-30 11:39:52.598 INFO  
2023-08-30 11:39:52.601 INFO start DisableUsers
2023-08-30 11:39:54.189 INFO DisableUsers Completed Successfully.
2023-08-30 11:39:54.192 INFO  
2023-08-30 11:39:54.196 INFO start DisableUsers
2023-08-30 11:39:55.224 INFO {"key":"forbidden.action","context":{"allowed":false,"reason":{"key":"externalDirectory.scim"}},"errorKey":"forbidden.action","errorDetail":{"allowed":false,"reason":{"key":"externalDirectory.scim"}}} Url https://api.atlassian.com/users/6230533075f257006a9983f1/manage/lifecycle/disable : System.Net.WebException: The remote server returned an error: (403) Forbidden.
   at Microsoft.PowerShell.Commands.WebRequestPSCmdlet.GetResponse(WebRequest request)
   at Microsoft.PowerShell.Commands.WebRequestPSCmdlet.ProcessRecord()
2023-08-30 11:39:55.229 INFO DisableUsers Completed Successfully.
2023-08-30 11:39:55.233 INFO  
2023-08-30 11:39:55.238 INFO start DisableUsers
2023-08-30 11:39:56.837 INFO DisableUsers Completed Successfully.
2023-08-30 11:39:56.841 INFO  
2023-08-30 11:39:56.845 INFO start DisableUsers
2023-08-30 11:39:58.374 INFO DisableUsers Completed Successfully.
2023-08-30 11:39:58.377 INFO  
2023-08-30 11:39:58.382 INFO start DisableUsers
2023-08-30 11:40:00.624 INFO DisableUsers Completed Successfully.
2023-08-30 11:40:00.627 INFO  
2023-08-30 11:40:00.632 INFO start DisableUsers
2023-08-30 11:40:02.625 INFO DisableUsers Completed Successfully.
2023-08-30 11:40:02.628 INFO  
2023-08-30 11:40:02.633 INFO start DisableUsers
2023-08-30 11:40:04.680 INFO DisableUsers Completed Successfully.
2023-08-30 11:40:04.683 INFO  
2023-08-30 11:40:04.687 INFO start DisableUsers
2023-08-30 11:40:06.160 INFO DisableUsers Completed Successfully.
2023-08-30 11:40:06.163 INFO  
2023-08-30 11:40:06.167 INFO start DisableUsers
2023-08-30 11:40:08.192 INFO DisableUsers Completed Successfully.
2023-08-30 11:40:08.196 INFO  
2023-08-30 11:40:08.200 INFO start DisableUsers
2023-08-30 11:40:10.549 INFO DisableUsers Completed Successfully.
2023-08-30 11:40:10.553 INFO  
2023-08-30 11:40:10.558 INFO start DisableUsers
2023-08-30 11:40:11.571 INFO {"key":"forbidden.action","context":{"allowed":false,"reason":{"key":"externalDirectory.scim"}},"errorKey":"forbidden.action","errorDetail":{"allowed":false,"reason":{"key":"externalDirectory.scim"}}} Url https://api.atlassian.com/users/613f2d6c1238e8007111227c/manage/lifecycle/disable : System.Net.WebException: The remote server returned an error: (403) Forbidden.
   at Microsoft.PowerShell.Commands.WebRequestPSCmdlet.GetResponse(WebRequest request)
   at Microsoft.PowerShell.Commands.WebRequestPSCmdlet.ProcessRecord()
2023-08-30 11:40:11.576 INFO DisableUsers Completed Successfully.
2023-08-30 11:40:11.580 INFO  
2023-08-30 11:40:11.591 INFO start DisableUsers
2023-08-30 11:40:13.728 INFO DisableUsers Completed Successfully.
2023-08-30 11:40:13.731 INFO  
2023-08-30 11:40:13.735 INFO start DisableUsers
2023-08-30 11:40:16.328 INFO DisableUsers Completed Successfully.
2023-08-30 11:40:16.331 INFO  
2023-08-30 11:40:16.335 INFO start DisableUsers
2023-08-30 11:40:18.510 INFO DisableUsers Completed Successfully.
2023-08-30 11:40:18.513 INFO  
2023-08-30 11:40:18.517 INFO start DisableUsers
2023-08-30 11:40:19.993 INFO DisableUsers Completed Successfully.
2023-08-30 11:40:19.996 INFO  
2023-08-30 11:40:20.001 INFO start DisableUsers
2023-08-30 11:40:22.012 INFO DisableUsers Completed Successfully.
2023-08-30 11:40:22.016 INFO  
2023-08-30 11:40:22.019 INFO start DisableUsers
2023-08-30 11:40:24.268 INFO DisableUsers Completed Successfully.
2023-08-30 11:40:24.272 INFO  
2023-08-30 11:40:24.275 INFO start DisableUsers
2023-08-30 11:40:26.040 INFO DisableUsers Completed Successfully.
2023-08-30 11:40:26.044 INFO  
2023-08-30 11:40:26.048 INFO start DisableUsers
2023-08-30 11:40:28.078 INFO DisableUsers Completed Successfully.
2023-08-30 11:40:28.081 INFO  
2023-08-30 11:40:28.085 INFO start DisableUsers
2023-08-30 11:40:30.683 INFO DisableUsers Completed Successfully.
2023-08-30 11:40:30.687 INFO  
2023-08-30 11:40:30.692 INFO start DisableUsers
2023-08-30 11:40:33.234 INFO DisableUsers Completed Successfully.
2023-08-30 11:40:33.237 INFO  
2023-08-30 11:40:33.242 INFO start DisableUsers
2023-08-30 11:40:33.559 INFO {"key":"forbidden","context":"Error: Caller must be a verified org admin of targeted account or be the targeted account","errorKey":"forbidden","errorDetail":"Error: Caller must be a verified org admin of targeted account or be the targeted account"} Url https://api.atlassian.com/users/62872b70ba5c2500682f5f88/manage/lifecycle/disable : System.Net.WebException: The remote server returned an error: (403) Forbidden.
   at Microsoft.PowerShell.Commands.WebRequestPSCmdlet.GetResponse(WebRequest request)
   at Microsoft.PowerShell.Commands.WebRequestPSCmdlet.ProcessRecord()
2023-08-30 11:40:33.563 INFO DisableUsers Completed Successfully.
2023-08-30 11:40:33.567 INFO  
2023-08-30 11:40:33.571 INFO start DisableUsers
2023-08-30 11:40:35.206 INFO DisableUsers Completed Successfully.
2023-08-30 11:40:35.209 INFO  
2023-08-30 11:40:35.214 INFO start DisableUsers
2023-08-30 11:40:36.770 INFO DisableUsers Completed Successfully.
2023-08-30 11:40:36.773 INFO  
2023-08-30 11:40:36.778 INFO start DisableUsers
2023-08-30 11:40:39.310 INFO DisableUsers Completed Successfully.
2023-08-30 11:40:39.315 INFO  
2023-08-30 11:40:39.319 INFO start DisableUsers
2023-08-30 11:40:41.507 INFO DisableUsers Completed Successfully.
2023-08-30 11:40:41.511 INFO  
2023-08-30 11:40:41.514 INFO start DisableUsers
2023-08-30 11:40:43.512 INFO DisableUsers Completed Successfully.
2023-08-30 11:40:43.516 INFO  
2023-08-30 11:40:43.520 INFO start DisableUsers
2023-08-30 11:40:45.445 INFO DisableUsers Completed Successfully.
2023-08-30 11:40:45.448 INFO  
2023-08-30 11:40:45.456 INFO start DisableUsers
2023-08-30 11:40:47.156 INFO DisableUsers Completed Successfully.
2023-08-30 11:40:47.160 INFO  
2023-08-30 11:40:47.164 INFO start DisableUsers
2023-08-30 11:40:49.330 INFO DisableUsers Completed Successfully.
2023-08-30 11:40:49.334 INFO  
2023-08-30 11:40:49.338 INFO start DisableUsers
2023-08-30 11:40:51.275 INFO DisableUsers Completed Successfully.
2023-08-30 11:40:51.279 INFO  
2023-08-30 11:40:51.283 INFO start DisableUsers
2023-08-30 11:40:53.745 INFO DisableUsers Completed Successfully.
2023-08-30 11:40:53.749 INFO  
2023-08-30 11:40:53.752 INFO start DisableUsers
2023-08-30 11:40:55.803 INFO DisableUsers Completed Successfully.
2023-08-30 11:40:55.807 INFO  
2023-08-30 11:40:55.813 INFO start DisableUsers
2023-08-30 11:40:58.268 INFO DisableUsers Completed Successfully.
2023-08-30 11:40:58.271 INFO  
2023-08-30 11:40:58.277 INFO start DisableUsers
2023-08-30 11:41:00.427 INFO DisableUsers Completed Successfully.
2023-08-30 11:41:00.430 INFO  
2023-08-30 11:41:00.437 INFO start DisableUsers
2023-08-30 11:41:02.428 INFO DisableUsers Completed Successfully.
2023-08-30 11:41:02.431 INFO  
2023-08-30 11:41:02.435 INFO start DisableUsers
2023-08-30 11:41:04.754 INFO DisableUsers Completed Successfully.
2023-08-30 11:41:04.757 INFO  
2023-08-30 11:41:04.762 INFO start DisableUsers
2023-08-30 11:41:06.756 INFO DisableUsers Completed Successfully.
2023-08-30 11:41:06.761 INFO  
2023-08-30 11:41:06.766 INFO start DisableUsers
2023-08-30 11:41:08.959 INFO DisableUsers Completed Successfully.
2023-08-30 11:41:08.962 INFO  
2023-08-30 11:41:08.968 INFO start DisableUsers
2023-08-30 11:41:10.999 INFO DisableUsers Completed Successfully.
2023-08-30 11:41:11.002 INFO  
2023-08-30 11:41:11.008 INFO start DisableUsers
2023-08-30 11:41:13.158 INFO DisableUsers Completed Successfully.
2023-08-30 11:41:13.162 INFO  
2023-08-30 11:41:13.165 INFO start DisableUsers
2023-08-30 11:41:15.142 INFO DisableUsers Completed Successfully.
2023-08-30 11:41:15.146 INFO  
2023-08-30 11:41:15.149 INFO start DisableUsers
2023-08-30 11:41:17.337 INFO DisableUsers Completed Successfully.
2023-08-30 11:41:17.341 INFO  
2023-08-30 11:41:17.346 INFO start DisableUsers
2023-08-30 11:41:19.356 INFO DisableUsers Completed Successfully.
2023-08-30 11:41:19.361 INFO  
2023-08-30 11:41:19.365 INFO start DisableUsers
2023-08-30 11:41:21.232 INFO DisableUsers Completed Successfully.
2023-08-30 11:41:21.235 INFO  
2023-08-30 11:41:21.241 INFO start DisableUsers
2023-08-30 11:41:23.238 INFO DisableUsers Completed Successfully.
2023-08-30 11:41:23.242 INFO  
2023-08-30 11:41:23.245 INFO start DisableUsers
2023-08-30 11:41:25.425 INFO DisableUsers Completed Successfully.
2023-08-30 11:41:25.429 INFO  
2023-08-30 11:41:25.433 INFO start DisableUsers
2023-08-30 11:41:27.910 INFO DisableUsers Completed Successfully.
2023-08-30 11:41:27.913 INFO  
2023-08-30 11:41:27.918 INFO start DisableUsers
2023-08-30 11:41:30.677 INFO DisableUsers Completed Successfully.
2023-08-30 11:41:30.680 INFO  
2023-08-30 11:41:30.685 INFO start DisableUsers
2023-08-30 11:41:32.299 INFO DisableUsers Completed Successfully.
2023-08-30 11:41:32.303 INFO  
2023-08-30 11:41:32.307 INFO start DisableUsers
2023-08-30 11:41:34.059 INFO DisableUsers Completed Successfully.
2023-08-30 11:41:34.062 INFO  
2023-08-30 11:41:34.067 INFO start DisableUsers
2023-08-30 11:41:35.826 INFO DisableUsers Completed Successfully.
2023-08-30 11:41:35.830 INFO  
2023-08-30 11:41:35.835 INFO start DisableUsers
2023-08-30 11:41:38.007 INFO DisableUsers Completed Successfully.
2023-08-30 11:41:38.010 INFO  
2023-08-30 11:41:38.014 INFO start DisableUsers
2023-08-30 11:41:39.677 INFO DisableUsers Completed Successfully.
2023-08-30 11:41:39.681 INFO  
2023-08-30 11:41:39.684 INFO start DisableUsers
2023-08-30 11:41:42.128 INFO DisableUsers Completed Successfully.
2023-08-30 11:41:42.131 INFO  
2023-08-30 11:41:42.135 INFO start DisableUsers
2023-08-30 11:41:43.679 INFO DisableUsers Completed Successfully.
2023-08-30 11:41:43.683 INFO  
2023-08-30 11:41:43.687 INFO start DisableUsers
2023-08-30 11:41:45.697 INFO DisableUsers Completed Successfully.
2023-08-30 11:41:45.700 INFO  
2023-08-30 11:41:45.704 INFO start DisableUsers
2023-08-30 11:41:47.666 INFO DisableUsers Completed Successfully.
2023-08-30 11:41:47.669 INFO  
2023-08-30 11:41:47.674 INFO start DisableUsers
2023-08-30 11:41:49.586 INFO DisableUsers Completed Successfully.
2023-08-30 11:41:49.589 INFO  
2023-08-30 11:41:49.593 INFO start DisableUsers
2023-08-30 11:41:51.542 INFO DisableUsers Completed Successfully.
2023-08-30 11:41:51.546 INFO  
2023-08-30 11:41:51.551 INFO start DisableUsers
2023-08-30 11:41:53.051 INFO DisableUsers Completed Successfully.
2023-08-30 11:41:53.055 INFO  
2023-08-30 11:41:53.059 INFO start DisableUsers
2023-08-30 11:41:55.028 INFO DisableUsers Completed Successfully.
2023-08-30 11:41:55.031 INFO  
2023-08-30 11:41:55.037 INFO start DisableUsers
2023-08-30 11:41:57.049 INFO DisableUsers Completed Successfully.
2023-08-30 11:41:57.053 INFO  
2023-08-30 11:41:57.056 INFO start DisableUsers
2023-08-30 11:41:58.662 INFO DisableUsers Completed Successfully.
2023-08-30 11:41:58.665 INFO  
2023-08-30 11:41:58.670 INFO start DisableUsers
2023-08-30 11:42:00.840 INFO DisableUsers Completed Successfully.
2023-08-30 11:42:00.843 INFO  
2023-08-30 11:42:00.848 INFO start DisableUsers
2023-08-30 11:42:03.012 INFO DisableUsers Completed Successfully.
2023-08-30 11:42:03.016 INFO  
2023-08-30 11:42:03.020 INFO start DisableUsers
2023-08-30 11:42:04.543 INFO DisableUsers Completed Successfully.
2023-08-30 11:42:04.546 INFO  
2023-08-30 11:42:04.551 INFO start DisableUsers
2023-08-30 11:42:06.799 INFO DisableUsers Completed Successfully.
2023-08-30 11:42:06.802 INFO  
2023-08-30 11:42:06.807 INFO start DisableUsers
2023-08-30 11:42:08.377 INFO DisableUsers Completed Successfully.
2023-08-30 11:42:08.380 INFO  
2023-08-30 11:42:08.385 INFO start DisableUsers
2023-08-30 11:42:10.412 INFO DisableUsers Completed Successfully.
2023-08-30 11:42:10.415 INFO  
2023-08-30 11:42:10.420 INFO start DisableUsers
2023-08-30 11:42:12.755 INFO DisableUsers Completed Successfully.
2023-08-30 11:42:12.758 INFO  
2023-08-30 11:42:12.764 INFO start DisableUsers
2023-08-30 11:42:14.904 INFO DisableUsers Completed Successfully.
2023-08-30 11:42:14.908 INFO  
2023-08-30 11:42:14.912 INFO start DisableUsers
2023-08-30 11:42:17.063 INFO DisableUsers Completed Successfully.
2023-08-30 11:42:17.066 INFO  
2023-08-30 11:42:17.070 INFO start DisableUsers
2023-08-30 11:42:19.040 INFO DisableUsers Completed Successfully.
2023-08-30 11:42:19.044 INFO  
2023-08-30 11:42:19.050 INFO start DisableUsers
2023-08-30 11:42:21.370 INFO DisableUsers Completed Successfully.
2023-08-30 11:42:21.374 INFO  
2023-08-30 11:42:21.378 INFO start DisableUsers
2023-08-30 11:42:23.685 INFO DisableUsers Completed Successfully.
2023-08-30 11:42:23.688 INFO  
2023-08-30 11:42:23.692 INFO start DisableUsers
2023-08-30 11:42:25.853 INFO DisableUsers Completed Successfully.
2023-08-30 11:42:25.856 INFO  
2023-08-30 11:42:25.861 INFO start DisableUsers
2023-08-30 11:42:27.904 INFO DisableUsers Completed Successfully.
2023-08-30 11:42:27.907 INFO  
2023-08-30 11:42:27.911 INFO start DisableUsers
2023-08-30 11:42:30.619 INFO DisableUsers Completed Successfully.
2023-08-30 11:42:30.623 INFO  
2023-08-30 11:42:30.626 INFO start DisableUsers
2023-08-30 11:42:32.884 INFO DisableUsers Completed Successfully.
2023-08-30 11:42:32.888 INFO  
2023-08-30 11:42:32.892 INFO start DisableUsers
2023-08-30 11:42:35.513 INFO DisableUsers Completed Successfully.
2023-08-30 11:42:35.517 INFO  
2023-08-30 11:42:35.521 INFO start DisableUsers
2023-08-30 11:42:37.796 INFO DisableUsers Completed Successfully.
2023-08-30 11:42:37.799 INFO  
2023-08-30 11:42:37.803 INFO start DisableUsers
2023-08-30 11:42:39.931 INFO DisableUsers Completed Successfully.
2023-08-30 11:42:39.935 INFO  
2023-08-30 11:42:39.938 INFO start DisableUsers
2023-08-30 11:42:42.075 INFO DisableUsers Completed Successfully.
2023-08-30 11:42:42.079 INFO  
2023-08-30 11:42:42.085 INFO start DisableUsers
2023-08-30 11:42:43.599 INFO DisableUsers Completed Successfully.
2023-08-30 11:42:43.603 INFO  
2023-08-30 11:42:43.606 INFO start DisableUsers
2023-08-30 11:42:45.611 INFO DisableUsers Completed Successfully.
2023-08-30 11:42:45.614 INFO  
2023-08-30 11:42:45.618 INFO start DisableUsers
2023-08-30 11:42:47.575 INFO DisableUsers Completed Successfully.
2023-08-30 11:42:47.579 INFO  
2023-08-30 11:42:47.582 INFO start DisableUsers
2023-08-30 11:42:48.536 INFO {"key":"forbidden.action","context":{"allowed":false,"reason":{"key":"externalDirectory.scim"}},"errorKey":"forbidden.action","errorDetail":{"allowed":false,"reason":{"key":"externalDirectory.scim"}}} Url https://api.atlassian.com/users/61765ed8b9c549006fc1e32d/manage/lifecycle/disable : System.Net.WebException: The remote server returned an error: (403) Forbidden.
   at Microsoft.PowerShell.Commands.WebRequestPSCmdlet.GetResponse(WebRequest request)
   at Microsoft.PowerShell.Commands.WebRequestPSCmdlet.ProcessRecord()
2023-08-30 11:42:48.540 INFO DisableUsers Completed Successfully.
2023-08-30 11:42:48.544 INFO  
2023-08-30 11:42:48.549 INFO start DisableUsers
2023-08-30 11:42:50.201 INFO DisableUsers Completed Successfully.
2023-08-30 11:42:50.205 INFO  
2023-08-30 11:42:50.210 INFO start DisableUsers
2023-08-30 11:42:52.378 INFO DisableUsers Completed Successfully.
2023-08-30 11:42:52.382 INFO  
2023-08-30 11:42:52.385 INFO start DisableUsers
2023-08-30 11:42:54.347 INFO DisableUsers Completed Successfully.
2023-08-30 11:42:54.351 INFO  
2023-08-30 11:42:54.357 INFO start DisableUsers
2023-08-30 11:42:56.694 INFO DisableUsers Completed Successfully.
2023-08-30 11:42:56.698 INFO  
2023-08-30 11:42:56.703 INFO start DisableUsers
2023-08-30 11:42:59.388 INFO DisableUsers Completed Successfully.
2023-08-30 11:42:59.392 INFO  
2023-08-30 11:42:59.395 INFO start DisableUsers
2023-08-30 11:43:02.045 INFO DisableUsers Completed Successfully.
2023-08-30 11:43:02.049 INFO  
2023-08-30 11:43:02.053 INFO start DisableUsers
2023-08-30 11:43:03.997 INFO DisableUsers Completed Successfully.
2023-08-30 11:43:04.001 INFO  
2023-08-30 11:43:04.005 INFO start DisableUsers
2023-08-30 11:43:05.616 INFO DisableUsers Completed Successfully.
2023-08-30 11:43:05.619 INFO  
2023-08-30 11:43:05.623 INFO start DisableUsers
2023-08-30 11:43:07.232 INFO DisableUsers Completed Successfully.
2023-08-30 11:43:07.236 INFO  
2023-08-30 11:43:07.239 INFO start DisableUsers
2023-08-30 11:43:09.296 INFO DisableUsers Completed Successfully.
2023-08-30 11:43:09.299 INFO  
2023-08-30 11:43:09.304 INFO start DisableUsers
2023-08-30 11:43:10.952 INFO DisableUsers Completed Successfully.
2023-08-30 11:43:10.955 INFO  
2023-08-30 11:43:10.960 INFO start DisableUsers
2023-08-30 11:43:12.997 INFO DisableUsers Completed Successfully.
2023-08-30 11:43:13.000 INFO  
2023-08-30 11:43:13.003 INFO start DisableUsers
2023-08-30 11:43:14.489 INFO DisableUsers Completed Successfully.
2023-08-30 11:43:14.492 INFO  
2023-08-30 11:43:14.499 INFO start DisableUsers
2023-08-30 11:43:16.102 INFO DisableUsers Completed Successfully.
2023-08-30 11:43:16.106 INFO  
2023-08-30 11:43:16.109 INFO start DisableUsers
2023-08-30 11:43:18.181 INFO DisableUsers Completed Successfully.
2023-08-30 11:43:18.185 INFO  
2023-08-30 11:43:18.189 INFO start DisableUsers
2023-08-30 11:43:20.121 INFO DisableUsers Completed Successfully.
2023-08-30 11:43:20.125 INFO  
2023-08-30 11:43:20.128 INFO start DisableUsers
2023-08-30 11:43:22.143 INFO DisableUsers Completed Successfully.
2023-08-30 11:43:22.147 INFO  
2023-08-30 11:43:22.152 INFO start DisableUsers
2023-08-30 11:43:23.827 INFO DisableUsers Completed Successfully.
2023-08-30 11:43:23.830 INFO  
2023-08-30 11:43:23.834 INFO start DisableUsers
2023-08-30 11:43:25.875 INFO DisableUsers Completed Successfully.
2023-08-30 11:43:25.878 INFO  
2023-08-30 11:43:25.882 INFO start DisableUsers
2023-08-30 11:43:27.931 INFO DisableUsers Completed Successfully.
2023-08-30 11:43:27.935 INFO  
2023-08-30 11:43:27.938 INFO start DisableUsers
2023-08-30 11:43:30.234 INFO DisableUsers Completed Successfully.
2023-08-30 11:43:30.237 INFO  
2023-08-30 11:43:30.240 INFO start DisableUsers
2023-08-30 11:43:31.861 INFO DisableUsers Completed Successfully.
2023-08-30 11:43:31.864 INFO  
2023-08-30 11:43:31.871 INFO start DisableUsers
2023-08-30 11:43:33.671 INFO DisableUsers Completed Successfully.
2023-08-30 11:43:33.674 INFO  
2023-08-30 11:43:33.678 INFO start DisableUsers
2023-08-30 11:43:35.791 INFO DisableUsers Completed Successfully.
2023-08-30 11:43:35.794 INFO  
2023-08-30 11:43:35.799 INFO start DisableUsers
2023-08-30 11:43:37.818 INFO DisableUsers Completed Successfully.
2023-08-30 11:43:37.821 INFO  
2023-08-30 11:43:37.827 INFO start DisableUsers
2023-08-30 11:43:39.540 INFO DisableUsers Completed Successfully.
2023-08-30 11:43:39.543 INFO  
2023-08-30 11:43:39.549 INFO start DisableUsers
2023-08-30 11:43:42.101 INFO DisableUsers Completed Successfully.
2023-08-30 11:43:42.104 INFO  
2023-08-30 11:43:42.108 INFO start DisableUsers
2023-08-30 11:43:44.617 INFO DisableUsers Completed Successfully.
2023-08-30 11:43:44.620 INFO  
2023-08-30 11:43:44.625 INFO start DisableUsers
2023-08-30 11:43:46.719 INFO DisableUsers Completed Successfully.
2023-08-30 11:43:46.723 INFO  
2023-08-30 11:43:46.728 INFO start DisableUsers
2023-08-30 11:43:48.604 INFO DisableUsers Completed Successfully.
2023-08-30 11:43:48.607 INFO  
2023-08-30 11:43:48.611 INFO start DisableUsers
2023-08-30 11:43:51.192 INFO DisableUsers Completed Successfully.
2023-08-30 11:43:51.195 INFO  
2023-08-30 11:43:51.199 INFO start DisableUsers
2023-08-30 11:43:53.214 INFO DisableUsers Completed Successfully.
2023-08-30 11:43:53.218 INFO  
2023-08-30 11:43:53.224 INFO start DisableUsers
2023-08-30 11:43:54.902 INFO DisableUsers Completed Successfully.
2023-08-30 11:43:54.905 INFO  
2023-08-30 11:43:54.909 INFO start DisableUsers
2023-08-30 11:43:57.182 INFO DisableUsers Completed Successfully.
2023-08-30 11:43:57.185 INFO  
2023-08-30 11:43:57.189 INFO start DisableUsers
2023-08-30 11:43:58.178 INFO {"key":"forbidden.action","context":{"allowed":false,"reason":{"key":"externalDirectory.scim"}},"errorKey":"forbidden.action","errorDetail":{"allowed":false,"reason":{"key":"externalDirectory.scim"}}} Url https://api.atlassian.com/users/62207faab7e7c7007156eff4/manage/lifecycle/disable : System.Net.WebException: The remote server returned an error: (403) Forbidden.
   at Microsoft.PowerShell.Commands.WebRequestPSCmdlet.GetResponse(WebRequest request)
   at Microsoft.PowerShell.Commands.WebRequestPSCmdlet.ProcessRecord()
2023-08-30 11:43:58.182 INFO DisableUsers Completed Successfully.
2023-08-30 11:43:58.187 INFO  
2023-08-30 11:43:58.190 INFO start DisableUsers
2023-08-30 11:44:00.256 INFO DisableUsers Completed Successfully.
2023-08-30 11:44:00.259 INFO  
2023-08-30 11:44:00.262 INFO start DisableUsers
2023-08-30 11:44:02.298 INFO DisableUsers Completed Successfully.
2023-08-30 11:44:02.301 INFO  
2023-08-30 11:44:02.305 INFO start DisableUsers
2023-08-30 11:44:03.831 INFO DisableUsers Completed Successfully.
2023-08-30 11:44:03.834 INFO  
2023-08-30 11:44:03.839 INFO start DisableUsers
2023-08-30 11:44:05.823 INFO DisableUsers Completed Successfully.
2023-08-30 11:44:05.826 INFO  
2023-08-30 11:44:05.829 INFO start DisableUsers
2023-08-30 11:44:07.889 INFO DisableUsers Completed Successfully.
2023-08-30 11:44:07.892 INFO  
2023-08-30 11:44:07.896 INFO start DisableUsers
2023-08-30 11:44:10.184 INFO DisableUsers Completed Successfully.
2023-08-30 11:44:10.188 INFO  
2023-08-30 11:44:10.191 INFO start DisableUsers
2023-08-30 11:44:12.773 INFO DisableUsers Completed Successfully.
2023-08-30 11:44:12.776 INFO  
2023-08-30 11:44:12.780 INFO start DisableUsers
2023-08-30 11:44:14.735 INFO DisableUsers Completed Successfully.
2023-08-30 11:44:14.738 INFO  
2023-08-30 11:44:14.742 INFO start DisableUsers
2023-08-30 11:44:16.720 INFO DisableUsers Completed Successfully.
2023-08-30 11:44:16.724 INFO  
2023-08-30 11:44:16.727 INFO start DisableUsers
2023-08-30 11:44:18.358 INFO DisableUsers Completed Successfully.
2023-08-30 11:44:18.361 INFO  
2023-08-30 11:44:18.365 INFO start DisableUsers
2023-08-30 11:44:18.647 INFO {"key":"forbidden","context":"Error: Caller must be a verified org admin of targeted account or be the targeted account","errorKey":"forbidden","errorDetail":"Error: Caller must be a verified org admin of targeted account or be the targeted account"} Url https://api.atlassian.com/users/62872b70c6092d006910e964/manage/lifecycle/disable : System.Net.WebException: The remote server returned an error: (403) Forbidden.
   at Microsoft.PowerShell.Commands.WebRequestPSCmdlet.GetResponse(WebRequest request)
   at Microsoft.PowerShell.Commands.WebRequestPSCmdlet.ProcessRecord()
2023-08-30 11:44:18.651 INFO DisableUsers Completed Successfully.
2023-08-30 11:44:18.655 INFO  
2023-08-30 11:44:18.659 INFO start DisableUsers
2023-08-30 11:44:20.755 INFO DisableUsers Completed Successfully.
2023-08-30 11:44:20.759 INFO  
2023-08-30 11:44:20.764 INFO start DisableUsers
2023-08-30 11:44:22.774 INFO DisableUsers Completed Successfully.
2023-08-30 11:44:22.777 INFO  
2023-08-30 11:44:22.782 INFO start DisableUsers
2023-08-30 11:44:24.362 INFO DisableUsers Completed Successfully.
2023-08-30 11:44:24.365 INFO  
2023-08-30 11:44:24.369 INFO start DisableUsers
2023-08-30 11:44:25.908 INFO DisableUsers Completed Successfully.
2023-08-30 11:44:25.911 INFO  
2023-08-30 11:44:25.914 INFO start DisableUsers
2023-08-30 11:44:27.421 INFO DisableUsers Completed Successfully.
2023-08-30 11:44:27.424 INFO  
2023-08-30 11:44:27.428 INFO start DisableUsers
2023-08-30 11:44:28.913 INFO DisableUsers Completed Successfully.
2023-08-30 11:44:28.916 INFO  
2023-08-30 11:44:28.922 INFO start DisableUsers
2023-08-30 11:44:30.398 INFO DisableUsers Completed Successfully.
2023-08-30 11:44:30.401 INFO  
2023-08-30 11:44:30.406 INFO start DisableUsers
2023-08-30 11:44:32.428 INFO DisableUsers Completed Successfully.
2023-08-30 11:44:32.432 INFO  
2023-08-30 11:44:32.436 INFO start DisableUsers
2023-08-30 11:44:34.052 INFO DisableUsers Completed Successfully.
2023-08-30 11:44:34.055 INFO  
2023-08-30 11:44:34.060 INFO start DisableUsers
2023-08-30 11:44:36.221 INFO DisableUsers Completed Successfully.
2023-08-30 11:44:36.225 INFO  
2023-08-30 11:44:36.230 INFO start DisableUsers
2023-08-30 11:44:38.831 INFO DisableUsers Completed Successfully.
2023-08-30 11:44:38.834 INFO  
2023-08-30 11:44:38.838 INFO start DisableUsers
2023-08-30 11:44:40.779 INFO DisableUsers Completed Successfully.
2023-08-30 11:44:40.782 INFO  
2023-08-30 11:44:40.786 INFO start DisableUsers
2023-08-30 11:44:42.343 INFO DisableUsers Completed Successfully.
2023-08-30 11:44:42.346 INFO  
2023-08-30 11:44:42.349 INFO start DisableUsers
2023-08-30 11:44:44.312 INFO DisableUsers Completed Successfully.
2023-08-30 11:44:44.315 INFO  
2023-08-30 11:44:44.320 INFO start DisableUsers
2023-08-30 11:44:46.293 INFO DisableUsers Completed Successfully.
2023-08-30 11:44:46.296 INFO  
2023-08-30 11:44:46.300 INFO start DisableUsers
2023-08-30 11:44:47.968 INFO DisableUsers Completed Successfully.
2023-08-30 11:44:47.971 INFO  
2023-08-30 11:44:47.975 INFO start DisableUsers
2023-08-30 11:44:49.465 INFO DisableUsers Completed Successfully.
2023-08-30 11:44:49.469 INFO  
2023-08-30 11:44:49.472 INFO start DisableUsers
2023-08-30 11:44:50.979 INFO DisableUsers Completed Successfully.
2023-08-30 11:44:50.983 INFO  
2023-08-30 11:44:50.986 INFO start DisableUsers
2023-08-30 11:44:52.674 INFO DisableUsers Completed Successfully.
2023-08-30 11:44:52.677 INFO  
2023-08-30 11:44:52.680 INFO start DisableUsers
2023-08-30 11:44:54.316 INFO DisableUsers Completed Successfully.
2023-08-30 11:44:54.319 INFO  
2023-08-30 11:44:54.324 INFO start DisableUsers
2023-08-30 11:44:55.924 INFO DisableUsers Completed Successfully.
2023-08-30 11:44:55.927 INFO  
2023-08-30 11:44:55.931 INFO start DisableUsers
2023-08-30 11:44:57.911 INFO DisableUsers Completed Successfully.
2023-08-30 11:44:57.914 INFO  
2023-08-30 11:44:57.918 INFO start DisableUsers
2023-08-30 11:44:59.413 INFO DisableUsers Completed Successfully.
2023-08-30 11:44:59.417 INFO  
2023-08-30 11:44:59.421 INFO Completed Successfully.
2023-08-30 11:44:59.425 INFO  
